// Jest Snapshot v1, https://goo.gl/fbAQLP

exports[`NavItem Should match snapshot 1`] = `
<div>
  <div
    class="relative"
  >
    <a
      class="className  lg:text-lg text-base capitalize"
      href="/home"
    >
      home
    </a>
  </div>
</div>
`;
