// Jest Snapshot v1, https://goo.gl/fbAQLP

exports[`Dropdown Component should be render match to snapshot 1`] = `
<div>
  <div>
    <div
      class="flex gap-5 items-center"
    >
      <p
        class="text-second text-lg font-bold cursor-pointer lowercase"
      >
        products notes
      </p>
      <button
        class="relative inline-flex items-center justify-center"
      >
        <img
          alt="arrow icon"
          data-nimg="1"
          decoding="async"
          height="24"
          loading="lazy"
          src="/arrow.svg"
          style="color: transparent;"
          width="24"
        />
      </button>
    </div>
    <div
      data-testid="dropdown-content"
    >
      Dropdown Content
    </div>
  </div>
</div>
`;
