// Jest Snapshot v1, https://goo.gl/fbAQLP

exports[`Color picker component should render match to snapshot 1`] = `
<div>
  <div>
    <p
      class="font-bold text-black lg:text-lg text-sm"
    >
      Color
    </p>
    <div
      class="mt-4 flex items-center gap-3"
    >
      <button
        class="h-4 w-4 rounded-full focus:border focus:border-green-800 border border-dark ring-2 ring-green-800"
        id="White"
        style="background-color: White;"
      />
      <button
        class="h-4 w-4 rounded-full focus:border focus:border-green-800"
        id="Blue"
        style="background-color: Blue;"
      />
      <button
        class="h-4 w-4 rounded-full focus:border focus:border-green-800"
        id="Green"
        style="background-color: Green;"
      />
    </div>
  </div>
</div>
`;
