// Jest Snapshot v1, https://goo.gl/fbAQLP

exports[`Carousel component should be render match to snapshot 1`] = `
<div>
  <div
    class="relative w-slide-img h-slide-img"
  >
    <div
      class="w-slide-img h-slide-img"
    >
      <div
        class="relative inline-flex items-center justify-center w-full h-full"
      >
        <img
          alt="Image 0"
          class="rounded-tl-slide rounded-tr-slide rounded-br-slide border-8 border-white"
          data-nimg="fill"
          decoding="async"
          loading="lazy"
          sizes="100vw"
          src="/_next/image?url=https%3A%2F%2Fi.ibb.co%2FMRTgRYj%2Fshirt-1.webp&w=3840&q=75"
          srcset="/_next/image?url=https%3A%2F%2Fi.ibb.co%2FMRTgRYj%2Fshirt-1.webp&w=640&q=75 640w, /_next/image?url=https%3A%2F%2Fi.ibb.co%2FMRTgRYj%2Fshirt-1.webp&w=750&q=75 750w, /_next/image?url=https%3A%2F%2Fi.ibb.co%2FMRTgRYj%2Fshirt-1.webp&w=828&q=75 828w, /_next/image?url=https%3A%2F%2Fi.ibb.co%2FMRTgRYj%2Fshirt-1.webp&w=1080&q=75 1080w, /_next/image?url=https%3A%2F%2Fi.ibb.co%2FMRTgRYj%2Fshirt-1.webp&w=1200&q=75 1200w, /_next/image?url=https%3A%2F%2Fi.ibb.co%2FMRTgRYj%2Fshirt-1.webp&w=1920&q=75 1920w, /_next/image?url=https%3A%2F%2Fi.ibb.co%2FMRTgRYj%2Fshirt-1.webp&w=2048&q=75 2048w, /_next/image?url=https%3A%2F%2Fi.ibb.co%2FMRTgRYj%2Fshirt-1.webp&w=3840&q=75 3840w"
          style="position: absolute; height: 100%; width: 100%; left: 0px; top: 0px; right: 0px; bottom: 0px; object-fit: cover; color: transparent; background-size: cover; background-position: 50% 50%; background-repeat: no-repeat;"
        />
      </div>
    </div>
    <div
      class="absolute bottom-10 left-1/4 flex justify-center items-center gap-2 bg-dark bg-opacity-70 rounded-md"
    >
      <div
        class="absolute -left-3"
      >
        <div
          class="relative inline-flex items-center justify-center cursor-pointer"
        >
          <img
            alt="icon arrow left"
            class="bg-second p-1 z-10"
            data-nimg="1"
            decoding="async"
            fetchpriority="high"
            height="24"
            src="/arrow-b-left.svg"
            style="color: transparent;"
            width="24"
          />
        </div>
      </div>
      <div
        class="cursor-pointer relative w-16 h-16"
      >
        <div
          class="relative inline-flex items-center justify-center w-full h-full"
        >
          <img
            alt="Thumbnail 0"
            class="object-cover"
            data-nimg="fill"
            decoding="async"
            loading="lazy"
            sizes="100vw"
            src="/_next/image?url=https%3A%2F%2Fi.ibb.co%2FMRTgRYj%2Fshirt-1.webp&w=3840&q=75"
            srcset="/_next/image?url=https%3A%2F%2Fi.ibb.co%2FMRTgRYj%2Fshirt-1.webp&w=640&q=75 640w, /_next/image?url=https%3A%2F%2Fi.ibb.co%2FMRTgRYj%2Fshirt-1.webp&w=750&q=75 750w, /_next/image?url=https%3A%2F%2Fi.ibb.co%2FMRTgRYj%2Fshirt-1.webp&w=828&q=75 828w, /_next/image?url=https%3A%2F%2Fi.ibb.co%2FMRTgRYj%2Fshirt-1.webp&w=1080&q=75 1080w, /_next/image?url=https%3A%2F%2Fi.ibb.co%2FMRTgRYj%2Fshirt-1.webp&w=1200&q=75 1200w, /_next/image?url=https%3A%2F%2Fi.ibb.co%2FMRTgRYj%2Fshirt-1.webp&w=1920&q=75 1920w, /_next/image?url=https%3A%2F%2Fi.ibb.co%2FMRTgRYj%2Fshirt-1.webp&w=2048&q=75 2048w, /_next/image?url=https%3A%2F%2Fi.ibb.co%2FMRTgRYj%2Fshirt-1.webp&w=3840&q=75 3840w"
            style="position: absolute; height: 100%; width: 100%; left: 0px; top: 0px; right: 0px; bottom: 0px; object-fit: cover; color: transparent; background-size: cover; background-position: 50% 50%; background-repeat: no-repeat;"
          />
        </div>
      </div>
      <div
        class="cursor-pointer relative w-16 h-16 opacity-50"
      >
        <div
          class="relative inline-flex items-center justify-center w-full h-full"
        >
          <img
            alt="Thumbnail 1"
            class="object-cover p-2"
            data-nimg="fill"
            decoding="async"
            loading="lazy"
            sizes="100vw"
            src="/_next/image?url=https%3A%2F%2Fi.ibb.co%2Fh1pRWGY%2Fjacket-5-2.webp&w=3840&q=75"
            srcset="/_next/image?url=https%3A%2F%2Fi.ibb.co%2Fh1pRWGY%2Fjacket-5-2.webp&w=640&q=75 640w, /_next/image?url=https%3A%2F%2Fi.ibb.co%2Fh1pRWGY%2Fjacket-5-2.webp&w=750&q=75 750w, /_next/image?url=https%3A%2F%2Fi.ibb.co%2Fh1pRWGY%2Fjacket-5-2.webp&w=828&q=75 828w, /_next/image?url=https%3A%2F%2Fi.ibb.co%2Fh1pRWGY%2Fjacket-5-2.webp&w=1080&q=75 1080w, /_next/image?url=https%3A%2F%2Fi.ibb.co%2Fh1pRWGY%2Fjacket-5-2.webp&w=1200&q=75 1200w, /_next/image?url=https%3A%2F%2Fi.ibb.co%2Fh1pRWGY%2Fjacket-5-2.webp&w=1920&q=75 1920w, /_next/image?url=https%3A%2F%2Fi.ibb.co%2Fh1pRWGY%2Fjacket-5-2.webp&w=2048&q=75 2048w, /_next/image?url=https%3A%2F%2Fi.ibb.co%2Fh1pRWGY%2Fjacket-5-2.webp&w=3840&q=75 3840w"
            style="position: absolute; height: 100%; width: 100%; left: 0px; top: 0px; right: 0px; bottom: 0px; object-fit: cover; color: transparent; background-size: cover; background-position: 50% 50%; background-repeat: no-repeat;"
          />
        </div>
      </div>
      <div
        class="cursor-pointer relative w-16 h-16 opacity-50"
      >
        <div
          class="relative inline-flex items-center justify-center w-full h-full"
        >
          <img
            alt="Thumbnail 2"
            class="object-cover p-2"
            data-nimg="fill"
            decoding="async"
            loading="lazy"
            sizes="100vw"
            src="/_next/image?url=https%3A%2F%2Fi.ibb.co%2F3d7b9SB%2Fjean-2.webp&w=3840&q=75"
            srcset="/_next/image?url=https%3A%2F%2Fi.ibb.co%2F3d7b9SB%2Fjean-2.webp&w=640&q=75 640w, /_next/image?url=https%3A%2F%2Fi.ibb.co%2F3d7b9SB%2Fjean-2.webp&w=750&q=75 750w, /_next/image?url=https%3A%2F%2Fi.ibb.co%2F3d7b9SB%2Fjean-2.webp&w=828&q=75 828w, /_next/image?url=https%3A%2F%2Fi.ibb.co%2F3d7b9SB%2Fjean-2.webp&w=1080&q=75 1080w, /_next/image?url=https%3A%2F%2Fi.ibb.co%2F3d7b9SB%2Fjean-2.webp&w=1200&q=75 1200w, /_next/image?url=https%3A%2F%2Fi.ibb.co%2F3d7b9SB%2Fjean-2.webp&w=1920&q=75 1920w, /_next/image?url=https%3A%2F%2Fi.ibb.co%2F3d7b9SB%2Fjean-2.webp&w=2048&q=75 2048w, /_next/image?url=https%3A%2F%2Fi.ibb.co%2F3d7b9SB%2Fjean-2.webp&w=3840&q=75 3840w"
            style="position: absolute; height: 100%; width: 100%; left: 0px; top: 0px; right: 0px; bottom: 0px; object-fit: cover; color: transparent; background-size: cover; background-position: 50% 50%; background-repeat: no-repeat;"
          />
        </div>
      </div>
      <div
        class="absolute -right-3"
      >
        <div
          class="relative inline-flex items-center justify-center cursor-pointer"
        >
          <img
            alt="icon arrow right"
            class="bg-second p-1 z-10"
            data-nimg="1"
            decoding="async"
            fetchpriority="high"
            height="24"
            src="/arrow-b-right.svg"
            style="color: transparent;"
            width="24"
          />
        </div>
      </div>
    </div>
  </div>
</div>
`;
