// Jest Snapshot v1, https://goo.gl/fbAQLP

exports[`Button should be render match to snapshot 1`] = `
<div>
  <button
    class="truncate md:h-12 h-8 md:text-lg md:w-btn-md w-28 text-xs bg-gradient-primary text-white font-bold"
  >
    Click me
  </button>
</div>
`;
